2026-06-25 11:26:47 | src.utils.timer                | INFO     | Starting: Approved Parallel Dissertation Research Pipeline
2026-06-25 11:26:47 | src.utils.config_loader        | INFO     | Project config loaded from config/settings.yaml
2026-06-25 11:26:47 | pipelines.run_pipeline         | INFO     | Initializing multi-core process engine mapping to 8 available CPUs.
2026-06-25 11:26:47 | pipelines.run_pipeline         | INFO     | ======================================================================
2026-06-25 11:26:47 | pipelines.run_pipeline         | INFO     | PROCESSING ACCORDING TO DISSERTATION METHODOLOGY: SP500
2026-06-25 11:26:47 | pipelines.run_pipeline         | INFO     | ======================================================================
2026-06-25 11:26:48 | src.correlation.correlation_matrix | WARNING  | SP500: Dropped APO due to an extensive flatline streak of 312 days.
2026-06-25 11:26:48 | src.correlation.correlation_matrix | WARNING  | SP500: Dropped CBOE due to an extensive flatline streak of 112 days.
2026-06-25 11:26:48 | src.correlation.correlation_matrix | WARNING  | SP500: Dropped CPAY due to an extensive flatline streak of 240 days.
2026-06-25 11:26:48 | src.correlation.correlation_matrix | WARNING  | SP500: Dropped GNRC due to an extensive flatline streak of 27 days.
2026-06-25 11:26:48 | src.correlation.correlation_matrix | WARNING  | SP500: Dropped GM due to an extensive flatline streak of 222 days.
2026-06-25 11:26:48 | src.correlation.correlation_matrix | WARNING  | SP500: Dropped HCA due to an extensive flatline streak of 298 days.
2026-06-25 11:26:48 | src.correlation.correlation_matrix | WARNING  | SP500: Dropped HII due to an extensive flatline streak of 306 days.
2026-06-25 11:26:48 | src.correlation.correlation_matrix | WARNING  | SP500: Dropped KMI due to an extensive flatline streak of 280 days.
2026-06-25 11:26:48 | src.correlation.correlation_matrix | WARNING  | SP500: Dropped KKR due to an extensive flatline streak of 133 days.
2026-06-25 11:26:48 | src.correlation.correlation_matrix | WARNING  | SP500: Dropped LYB due to an extensive flatline streak of 79 days.
2026-06-25 11:26:48 | src.correlation.correlation_matrix | WARNING  | SP500: Dropped MPC due to an extensive flatline streak of 372 days.
2026-06-25 11:26:49 | src.correlation.correlation_matrix | WARNING  | SP500: Dropped NXPI due to an extensive flatline streak of 150 days.
2026-06-25 11:26:49 | src.correlation.correlation_matrix | WARNING  | SP500: Dropped SW due to an extensive flatline streak of 56 days.
2026-06-25 11:26:49 | src.correlation.correlation_matrix | WARNING  | SP500: Dropped TRGP due to an extensive flatline streak of 234 days.
2026-06-25 11:26:49 | src.correlation.correlation_matrix | WARNING  | SP500: Dropped TSLA due to an extensive flatline streak of 122 days.
2026-06-25 11:26:49 | src.correlation.correlation_matrix | INFO     | SP500 Universe filtering: 422 of 500 tickers passed all quality checks.
2026-06-25 11:26:49 | src.correlation.correlation_matrix | INFO     | Segmented returns matrix into 174 historical chunks (w=126, step=21).
2026-06-25 11:26:49 | pipelines.run_pipeline         | INFO     | SP500 partitioned into 174 temporal windows.
2026-06-25 11:26:49 | pipelines.run_pipeline         | INFO     | Spawning parallel process workers for PMFG planarity constraints...
   [CORE ERROR] Failed processing window 2010-07-06 for sp500: 'Graph' object has no attribute 'is_planar'   [CORE ERROR] Failed processing window 2011-01-03 for sp500: 'Graph' object has no attribute 'is_planar'

   [CORE ERROR] Failed processing window 2011-07-05 for sp500: 'Graph' object has no attribute 'is_planar'
   [CORE ERROR] Failed processing window 2012-01-03 for sp500: 'Graph' object has no attribute 'is_planar'
   [CORE ERROR] Failed processing window 2013-01-04 for sp500: 'Graph' object has no attribute 'is_planar'
   [CORE ERROR] Failed processing window 2013-07-08 for sp500: 'Graph' object has no attribute 'is_planar'
   [CORE ERROR] Failed processing window 2012-07-03 for sp500: 'Graph' object has no attribute 'is_planar'
   [CORE ERROR] Failed processing window 2014-01-06 for sp500: 'Graph' object has no attribute 'is_planar'
   [CORE ERROR] Failed processing window 2010-08-04 for sp500: 'Graph' object has no attribute 'is_planar'
   [CORE ERROR] Failed processing window 2011-02-02 for sp500: 'Graph' object has no attribute 'is_planar'
   [CORE ERROR] Failed processing window 2011-08-03 for sp500: 'Graph' object has no attribute 'is_planar'
   [CORE ERROR] Failed processing window 2012-02-02 for sp500: 'Graph' object has no attribute 'is_planar'
   [CORE ERROR] Failed processing window 2013-02-05 for sp500: 'Graph' object has no attribute 'is_planar'
   [CORE ERROR] Failed processing window 2013-08-06 for sp500: 'Graph' object has no attribute 'is_planar'
   [CORE ERROR] Failed processing window 2012-08-02 for sp500: 'Graph' object has no attribute 'is_planar'
   [CORE ERROR] Failed processing window 2014-02-05 for sp500: 'Graph' object has no attribute 'is_planar'
   [CORE ERROR] Failed processing window 2010-09-02 for sp500: 'Graph' object has no attribute 'is_planar'
   [CORE ERROR] Failed processing window 2011-03-04 for sp500: 'Graph' object has no attribute 'is_planar'
   [CORE ERROR] Failed processing window 2011-09-01 for sp500: 'Graph' object has no attribute 'is_planar'
   [CORE ERROR] Failed processing window 2013-09-05 for sp500: 'Graph' object has no attribute 'is_planar'
   [CORE ERROR] Failed processing window 2013-03-07 for sp500: 'Graph' object has no attribute 'is_planar'
   [CORE ERROR] Failed processing window 2012-03-05 for sp500: 'Graph' object has no attribute 'is_planar'
   [CORE ERROR] Failed processing window 2012-08-31 for sp500: 'Graph' object has no attribute 'is_planar'
   [CORE ERROR] Failed processing window 2014-03-07 for sp500: 'Graph' object has no attribute 'is_planar'
   [CORE ERROR] Failed processing window 2010-10-04 for sp500: 'Graph' object has no attribute 'is_planar'
   [CORE ERROR] Failed processing window 2011-04-04 for sp500: 'Graph' object has no attribute 'is_planar'
   [CORE ERROR] Failed processing window 2011-10-03 for sp500: 'Graph' object has no attribute 'is_planar'
   [CORE ERROR] Failed processing window 2013-04-08 for sp500: 'Graph' object has no attribute 'is_planar'
   [CORE ERROR] Failed processing window 2013-10-04 for sp500: 'Graph' object has no attribute 'is_planar'
   [CORE ERROR] Failed processing window 2012-04-03 for sp500: 'Graph' object has no attribute 'is_planar'
   [CORE ERROR] Failed processing window 2012-10-02 for sp500: 'Graph' object has no attribute 'is_planar'
   [CORE ERROR] Failed processing window 2014-04-07 for sp500: 'Graph' object has no attribute 'is_planar'
   [CORE ERROR] Failed processing window 2010-11-02 for sp500: 'Graph' object has no attribute 'is_planar'
   [CORE ERROR] Failed processing window 2011-05-04 for sp500: 'Graph' object has no attribute 'is_planar'
   [CORE ERROR] Failed processing window 2013-05-07 for sp500: 'Graph' object has no attribute 'is_planar'
   [CORE ERROR] Failed processing window 2013-11-04 for sp500: 'Graph' object has no attribute 'is_planar'
   [CORE ERROR] Failed processing window 2011-11-01 for sp500: 'Graph' object has no attribute 'is_planar'
   [CORE ERROR] Failed processing window 2012-05-03 for sp500: 'Graph' object has no attribute 'is_planar'
   [CORE ERROR] Failed processing window 2012-11-02 for sp500: 'Graph' object has no attribute 'is_planar'
   [CORE ERROR] Failed processing window 2014-05-07 for sp500: 'Graph' object has no attribute 'is_planar'
   [CORE ERROR] Failed processing window 2010-12-02 for sp500: 'Graph' object has no attribute 'is_planar'
   [CORE ERROR] Failed processing window 2011-06-03 for sp500: 'Graph' object has no attribute 'is_planar'
   [CORE ERROR] Failed processing window 2013-06-06 for sp500: 'Graph' object has no attribute 'is_planar'
   [CORE ERROR] Failed processing window 2013-12-04 for sp500: 'Graph' object has no attribute 'is_planar'
   [CORE ERROR] Failed processing window 2011-12-01 for sp500: 'Graph' object has no attribute 'is_planar'
   [CORE ERROR] Failed processing window 2012-06-04 for sp500: 'Graph' object has no attribute 'is_planar'
   [CORE ERROR] Failed processing window 2012-12-04 for sp500: 'Graph' object has no attribute 'is_planar'
   [CORE ERROR] Failed processing window 2014-06-06 for sp500: 'Graph' object has no attribute 'is_planar'
   [CORE ERROR] Failed processing window 2014-07-08 for sp500: 'Graph' object has no attribute 'is_planar'
   [CORE ERROR] Failed processing window 2015-01-06 for sp500: 'Graph' object has no attribute 'is_planar'   [CORE ERROR] Failed processing window 2015-07-08 for sp500: 'Graph' object has no attribute 'is_planar'

   [CORE ERROR] Failed processing window 2016-01-06 for sp500: 'Graph' object has no attribute 'is_planar'
   [CORE ERROR] Failed processing window 2016-07-07 for sp500: 'Graph' object has no attribute 'is_planar'
   [CORE ERROR] Failed processing window 2017-01-05 for sp500: 'Graph' object has no attribute 'is_planar'
   [CORE ERROR] Failed processing window 2017-07-07 for sp500: 'Graph' object has no attribute 'is_planar'
   [CORE ERROR] Failed processing window 2018-01-05 for sp500: 'Graph' object has no attribute 'is_planar'
   [CORE ERROR] Failed processing window 2014-08-06 for sp500: 'Graph' object has no attribute 'is_planar'
   [CORE ERROR] Failed processing window 2015-08-06 for sp500: 'Graph' object has no attribute 'is_planar'
   [CORE ERROR] Failed processing window 2015-02-05 for sp500: 'Graph' object has no attribute 'is_planar'
   [CORE ERROR] Failed processing window 2016-02-05 for sp500: 'Graph' object has no attribute 'is_planar'
   [CORE ERROR] Failed processing window 2016-08-05 for sp500: 'Graph' object has no attribute 'is_planar'
   [CORE ERROR] Failed processing window 2017-02-06 for sp500: 'Graph' object has no attribute 'is_planar'
   [CORE ERROR] Failed processing window 2017-08-07 for sp500: 'Graph' object has no attribute 'is_planar'
   [CORE ERROR] Failed processing window 2018-02-06 for sp500: 'Graph' object has no attribute 'is_planar'
   [CORE ERROR] Failed processing window 2014-09-05 for sp500: 'Graph' object has no attribute 'is_planar'
   [CORE ERROR] Failed processing window 2015-09-04 for sp500: 'Graph' object has no attribute 'is_planar'
   [CORE ERROR] Failed processing window 2015-03-09 for sp500: 'Graph' object has no attribute 'is_planar'
   [CORE ERROR] Failed processing window 2016-03-08 for sp500: 'Graph' object has no attribute 'is_planar'
   [CORE ERROR] Failed processing window 2016-09-06 for sp500: 'Graph' object has no attribute 'is_planar'
   [CORE ERROR] Failed processing window 2017-03-08 for sp500: 'Graph' object has no attribute 'is_planar'
   [CORE ERROR] Failed processing window 2017-09-06 for sp500: 'Graph' object has no attribute 'is_planar'
   [CORE ERROR] Failed processing window 2018-03-08 for sp500: 'Graph' object has no attribute 'is_planar'
   [CORE ERROR] Failed processing window 2014-10-06 for sp500: 'Graph' object has no attribute 'is_planar'
   [CORE ERROR] Failed processing window 2015-10-06 for sp500: 'Graph' object has no attribute 'is_planar'
   [CORE ERROR] Failed processing window 2015-04-08 for sp500: 'Graph' object has no attribute 'is_planar'
   [CORE ERROR] Failed processing window 2016-04-07 for sp500: 'Graph' object has no attribute 'is_planar'
   [CORE ERROR] Failed processing window 2016-10-05 for sp500: 'Graph' object has no attribute 'is_planar'
   [CORE ERROR] Failed processing window 2017-04-06 for sp500: 'Graph' object has no attribute 'is_planar'
   [CORE ERROR] Failed processing window 2017-10-05 for sp500: 'Graph' object has no attribute 'is_planar'
   [CORE ERROR] Failed processing window 2018-04-09 for sp500: 'Graph' object has no attribute 'is_planar'
   [CORE ERROR] Failed processing window 2014-11-04 for sp500: 'Graph' object has no attribute 'is_planar'
   [CORE ERROR] Failed processing window 2015-11-04 for sp500: 'Graph' object has no attribute 'is_planar'
   [CORE ERROR] Failed processing window 2015-05-07 for sp500: 'Graph' object has no attribute 'is_planar'
   [CORE ERROR] Failed processing window 2016-05-06 for sp500: 'Graph' object has no attribute 'is_planar'
   [CORE ERROR] Failed processing window 2016-11-03 for sp500: 'Graph' object has no attribute 'is_planar'
   [CORE ERROR] Failed processing window 2017-05-08 for sp500: 'Graph' object has no attribute 'is_planar'
   [CORE ERROR] Failed processing window 2017-11-03 for sp500: 'Graph' object has no attribute 'is_planar'
   [CORE ERROR] Failed processing window 2018-05-08 for sp500: 'Graph' object has no attribute 'is_planar'
   [CORE ERROR] Failed processing window 2014-12-04 for sp500: 'Graph' object has no attribute 'is_planar'
   [CORE ERROR] Failed processing window 2015-12-04 for sp500: 'Graph' object has no attribute 'is_planar'
   [CORE ERROR] Failed processing window 2015-06-08 for sp500: 'Graph' object has no attribute 'is_planar'
   [CORE ERROR] Failed processing window 2016-06-07 for sp500: 'Graph' object has no attribute 'is_planar'
   [CORE ERROR] Failed processing window 2016-12-05 for sp500: 'Graph' object has no attribute 'is_planar'
   [CORE ERROR] Failed processing window 2017-06-07 for sp500: 'Graph' object has no attribute 'is_planar'
   [CORE ERROR] Failed processing window 2017-12-05 for sp500: 'Graph' object has no attribute 'is_planar'
   [CORE ERROR] Failed processing window 2018-06-07 for sp500: 'Graph' object has no attribute 'is_planar'
   [CORE ERROR] Failed processing window 2018-07-09 for sp500: 'Graph' object has no attribute 'is_planar'
   [CORE ERROR] Failed processing window 2019-01-08 for sp500: 'Graph' object has no attribute 'is_planar'
   [CORE ERROR] Failed processing window 2019-07-10 for sp500: 'Graph' object has no attribute 'is_planar'
   [CORE ERROR] Failed processing window 2020-01-08 for sp500: 'Graph' object has no attribute 'is_planar'
   [CORE ERROR] Failed processing window 2020-07-09 for sp500: 'Graph' object has no attribute 'is_planar'
   [CORE ERROR] Failed processing window 2021-01-07 for sp500: 'Graph' object has no attribute 'is_planar'
   [CORE ERROR] Failed processing window 2021-07-09 for sp500: 'Graph' object has no attribute 'is_planar'
   [CORE ERROR] Failed processing window 2022-01-06 for sp500: 'Graph' object has no attribute 'is_planar'
   [CORE ERROR] Failed processing window 2018-08-07 for sp500: 'Graph' object has no attribute 'is_planar'
   [CORE ERROR] Failed processing window 2019-02-07 for sp500: 'Graph' object has no attribute 'is_planar'
   [CORE ERROR] Failed processing window 2019-08-08 for sp500: 'Graph' object has no attribute 'is_planar'
   [CORE ERROR] Failed processing window 2020-02-07 for sp500: 'Graph' object has no attribute 'is_planar'
   [CORE ERROR] Failed processing window 2020-08-07 for sp500: 'Graph' object has no attribute 'is_planar'
   [CORE ERROR] Failed processing window 2021-02-08 for sp500: 'Graph' object has no attribute 'is_planar'
   [CORE ERROR] Failed processing window 2021-08-09 for sp500: 'Graph' object has no attribute 'is_planar'
   [CORE ERROR] Failed processing window 2022-02-07 for sp500: 'Graph' object has no attribute 'is_planar'
   [CORE ERROR] Failed processing window 2018-09-06 for sp500: 'Graph' object has no attribute 'is_planar'
   [CORE ERROR] Failed processing window 2019-03-11 for sp500: 'Graph' object has no attribute 'is_planar'
   [CORE ERROR] Failed processing window 2019-09-09 for sp500: 'Graph' object has no attribute 'is_planar'
   [CORE ERROR] Failed processing window 2020-03-10 for sp500: 'Graph' object has no attribute 'is_planar'
   [CORE ERROR] Failed processing window 2020-09-08 for sp500: 'Graph' object has no attribute 'is_planar'
   [CORE ERROR] Failed processing window 2021-03-10 for sp500: 'Graph' object has no attribute 'is_planar'
   [CORE ERROR] Failed processing window 2018-10-05 for sp500: 'Graph' object has no attribute 'is_planar'
   [CORE ERROR] Failed processing window 2021-09-08 for sp500: 'Graph' object has no attribute 'is_planar'
   [CORE ERROR] Failed processing window 2022-03-09 for sp500: 'Graph' object has no attribute 'is_planar'
   [CORE ERROR] Failed processing window 2019-04-09 for sp500: 'Graph' object has no attribute 'is_planar'
   [CORE ERROR] Failed processing window 2019-10-08 for sp500: 'Graph' object has no attribute 'is_planar'
   [CORE ERROR] Failed processing window 2020-04-08 for sp500: 'Graph' object has no attribute 'is_planar'
   [CORE ERROR] Failed processing window 2020-10-07 for sp500: 'Graph' object has no attribute 'is_planar'
   [CORE ERROR] Failed processing window 2018-11-05 for sp500: 'Graph' object has no attribute 'is_planar'
   [CORE ERROR] Failed processing window 2021-04-09 for sp500: 'Graph' object has no attribute 'is_planar'
   [CORE ERROR] Failed processing window 2021-10-07 for sp500: 'Graph' object has no attribute 'is_planar'
   [CORE ERROR] Failed processing window 2022-04-07 for sp500: 'Graph' object has no attribute 'is_planar'
   [CORE ERROR] Failed processing window 2019-05-09 for sp500: 'Graph' object has no attribute 'is_planar'
   [CORE ERROR] Failed processing window 2019-11-06 for sp500: 'Graph' object has no attribute 'is_planar'
   [CORE ERROR] Failed processing window 2020-05-08 for sp500: 'Graph' object has no attribute 'is_planar'
   [CORE ERROR] Failed processing window 2018-12-06 for sp500: 'Graph' object has no attribute 'is_planar'
   [CORE ERROR] Failed processing window 2020-11-05 for sp500: 'Graph' object has no attribute 'is_planar'
   [CORE ERROR] Failed processing window 2021-05-10 for sp500: 'Graph' object has no attribute 'is_planar'
   [CORE ERROR] Failed processing window 2021-11-05 for sp500: 'Graph' object has no attribute 'is_planar'
   [CORE ERROR] Failed processing window 2019-06-10 for sp500: 'Graph' object has no attribute 'is_planar'
   [CORE ERROR] Failed processing window 2022-05-09 for sp500: 'Graph' object has no attribute 'is_planar'
   [CORE ERROR] Failed processing window 2019-12-06 for sp500: 'Graph' object has no attribute 'is_planar'
   [CORE ERROR] Failed processing window 2020-06-09 for sp500: 'Graph' object has no attribute 'is_planar'
   [CORE ERROR] Failed processing window 2022-07-11 for sp500: 'Graph' object has no attribute 'is_planar'
   [CORE ERROR] Failed processing window 2020-12-07 for sp500: 'Graph' object has no attribute 'is_planar'
   [CORE ERROR] Failed processing window 2021-06-09 for sp500: 'Graph' object has no attribute 'is_planar'
   [CORE ERROR] Failed processing window 2023-01-09 for sp500: 'Graph' object has no attribute 'is_planar'
   [CORE ERROR] Failed processing window 2021-12-07 for sp500: 'Graph' object has no attribute 'is_planar'
   [CORE ERROR] Failed processing window 2022-06-08 for sp500: 'Graph' object has no attribute 'is_planar'
   [CORE ERROR] Failed processing window 2024-07-12 for sp500: 'Graph' object has no attribute 'is_planar'
   [CORE ERROR] Failed processing window 2023-07-12 for sp500: 'Graph' object has no attribute 'is_planar'
   [CORE ERROR] Failed processing window 2022-08-09 for sp500: 'Graph' object has no attribute 'is_planar'
   [CORE ERROR] Failed processing window 2024-01-10 for sp500: 'Graph' object has no attribute 'is_planar'
   [CORE ERROR] Failed processing window 2023-02-08 for sp500: 'Graph' object has no attribute 'is_planar'
   [CORE ERROR] Failed processing window 2024-08-12 for sp500: 'Graph' object has no attribute 'is_planar'
   [CORE ERROR] Failed processing window 2022-09-08 for sp500: 'Graph' object has no attribute 'is_planar'
   [CORE ERROR] Failed processing window 2023-03-10 for sp500: 'Graph' object has no attribute 'is_planar'
   [CORE ERROR] Failed processing window 2023-08-10 for sp500: 'Graph' object has no attribute 'is_planar'
   [CORE ERROR] Failed processing window 2024-02-09 for sp500: 'Graph' object has no attribute 'is_planar'
   [CORE ERROR] Failed processing window 2024-09-11 for sp500: 'Graph' object has no attribute 'is_planar'
   [CORE ERROR] Failed processing window 2022-10-07 for sp500: 'Graph' object has no attribute 'is_planar'
   [CORE ERROR] Failed processing window 2023-04-11 for sp500: 'Graph' object has no attribute 'is_planar'
   [CORE ERROR] Failed processing window 2024-10-10 for sp500: 'Graph' object has no attribute 'is_planar'
   [CORE ERROR] Failed processing window 2023-09-11 for sp500: 'Graph' object has no attribute 'is_planar'
   [CORE ERROR] Failed processing window 2024-03-12 for sp500: 'Graph' object has no attribute 'is_planar'
   [CORE ERROR] Failed processing window 2022-11-07 for sp500: 'Graph' object has no attribute 'is_planar'
   [CORE ERROR] Failed processing window 2023-05-10 for sp500: 'Graph' object has no attribute 'is_planar'
   [CORE ERROR] Failed processing window 2024-11-08 for sp500: 'Graph' object has no attribute 'is_planar'
   [CORE ERROR] Failed processing window 2022-12-07 for sp500: 'Graph' object has no attribute 'is_planar'
   [CORE ERROR] Failed processing window 2023-06-09 for sp500: 'Graph' object has no attribute 'is_planar'
   [CORE ERROR] Failed processing window 2023-10-10 for sp500: 'Graph' object has no attribute 'is_planar'
   [CORE ERROR] Failed processing window 2024-04-11 for sp500: 'Graph' object has no attribute 'is_planar'
   [CORE ERROR] Failed processing window 2024-12-10 for sp500: 'Graph' object has no attribute 'is_planar'
   [CORE ERROR] Failed processing window 2023-11-08 for sp500: 'Graph' object has no attribute 'is_planar'
   [CORE ERROR] Failed processing window 2024-05-10 for sp500: 'Graph' object has no attribute 'is_planar'
   [CORE ERROR] Failed processing window 2024-06-11 for sp500: 'Graph' object has no attribute 'is_planar'
   [CORE ERROR] Failed processing window 2023-12-08 for sp500: 'Graph' object has no attribute 'is_planar'
2026-06-25 11:26:52 | pipelines.run_pipeline         | INFO     | Computing 100-run consensus partitions and ARI tracking for SP500...
2026-06-25 11:26:52 | pipelines.run_pipeline         | ERROR    | Pipeline crashed on market processing for sp500: "None of [Index(['date', 'market', 'ari_stability'], dtype='str')] are in the [columns]"
Traceback (most recent call last):
  File "/home/s2843292/Dissertation/Dissertation/pipelines/run_pipeline.py", line 107, in main
    macro_trend = stability_ledger[["date", "market", "ari_stability"]].drop_duplicates()
                  ~~~~~~~~~~~~~~~~^^^^^^^^^^^^^^^^^^^^^^^^^^^^^^^^^^^^^
  File "/home/s2843292/Dissertation/Dissertation/venv_cluster/lib/python3.12/site-packages/pandas/core/frame.py", line 4384, in __getitem__
    indexer = self.columns._get_indexer_strict(key, "columns")[1]
              ^^^^^^^^^^^^^^^^^^^^^^^^^^^^^^^^^^^^^^^^^^^^^^^^
  File "/home/s2843292/Dissertation/Dissertation/venv_cluster/lib/python3.12/site-packages/pandas/core/indexes/base.py", line 6302, in _get_indexer_strict
    self._raise_if_missing(keyarr, indexer, axis_name)
  File "/home/s2843292/Dissertation/Dissertation/venv_cluster/lib/python3.12/site-packages/pandas/core/indexes/base.py", line 6352, in _raise_if_missing
    raise KeyError(f"None of [{key}] are in the [{axis_name}]")
KeyError: "None of [Index(['date', 'market', 'ari_stability'], dtype='str')] are in the [columns]"
2026-06-25 11:26:52 | pipelines.run_pipeline         | INFO     | ======================================================================
2026-06-25 11:26:52 | pipelines.run_pipeline         | INFO     | PROCESSING ACCORDING TO DISSERTATION METHODOLOGY: NIFTY50
2026-06-25 11:26:52 | pipelines.run_pipeline         | INFO     | ======================================================================
2026-06-25 11:26:52 | src.correlation.correlation_matrix | WARNING  | NIFTY50: Dropped COALINDIA.NS due to an extensive flatline streak of 212 days.
2026-06-25 11:26:53 | src.correlation.correlation_matrix | INFO     | NIFTY50 Universe filtering: 46 of 49 tickers passed all quality checks.
2026-06-25 11:26:53 | src.correlation.correlation_matrix | INFO     | Segmented returns matrix into 171 historical chunks (w=126, step=21).
2026-06-25 11:26:53 | pipelines.run_pipeline         | INFO     | NIFTY50 partitioned into 171 temporal windows.
2026-06-25 11:26:53 | pipelines.run_pipeline         | INFO     | Spawning parallel process workers for PMFG planarity constraints...
   [CORE ERROR] Failed processing window 2011-07-06 for nifty50: 'Graph' object has no attribute 'is_planar'   [CORE ERROR] Failed processing window 2011-01-04 for nifty50: 'Graph' object has no attribute 'is_planar'   [CORE ERROR] Failed processing window 2012-01-11 for nifty50: 'Graph' object has no attribute 'is_planar'   [CORE ERROR] Failed processing window 2010-07-06 for nifty50: 'Graph' object has no attribute 'is_planar'



   [CORE ERROR] Failed processing window 2012-07-13 for nifty50: 'Graph' object has no attribute 'is_planar'
   [CORE ERROR] Failed processing window 2011-08-04 for nifty50: 'Graph' object has no attribute 'is_planar'
   [CORE ERROR] Failed processing window 2010-08-04 for nifty50: 'Graph' object has no attribute 'is_planar'
   [CORE ERROR] Failed processing window 2012-02-10 for nifty50: 'Graph' object has no attribute 'is_planar'   [CORE ERROR] Failed processing window 2011-02-03 for nifty50: 'Graph' object has no attribute 'is_planar'

   [CORE ERROR] Failed processing window 2012-08-13 for nifty50: 'Graph' object has no attribute 'is_planar'
   [CORE ERROR] Failed processing window 2011-09-07 for nifty50: 'Graph' object has no attribute 'is_planar'
   [CORE ERROR] Failed processing window 2010-09-02 for nifty50: 'Graph' object has no attribute 'is_planar'
   [CORE ERROR] Failed processing window 2011-03-07 for nifty50: 'Graph' object has no attribute 'is_planar'   [CORE ERROR] Failed processing window 2012-03-14 for nifty50: 'Graph' object has no attribute 'is_planar'

   [CORE ERROR] Failed processing window 2013-01-21 for nifty50: 'Graph' object has no attribute 'is_planar'
   [CORE ERROR] Failed processing window 2014-01-27 for nifty50: 'Graph' object has no attribute 'is_planar'
   [CORE ERROR] Failed processing window 2012-09-13 for nifty50: 'Graph' object has no attribute 'is_planar'
   [CORE ERROR] Failed processing window 2013-07-23 for nifty50: 'Graph' object has no attribute 'is_planar'
   [CORE ERROR] Failed processing window 2011-10-07 for nifty50: 'Graph' object has no attribute 'is_planar'
   [CORE ERROR] Failed processing window 2010-10-04 for nifty50: 'Graph' object has no attribute 'is_planar'
   [CORE ERROR] Failed processing window 2012-04-16 for nifty50: 'Graph' object has no attribute 'is_planar'   [CORE ERROR] Failed processing window 2011-04-05 for nifty50: 'Graph' object has no attribute 'is_planar'

   [CORE ERROR] Failed processing window 2013-02-19 for nifty50: 'Graph' object has no attribute 'is_planar'
   [CORE ERROR] Failed processing window 2014-02-25 for nifty50: 'Graph' object has no attribute 'is_planar'
   [CORE ERROR] Failed processing window 2012-10-16 for nifty50: 'Graph' object has no attribute 'is_planar'
   [CORE ERROR] Failed processing window 2011-11-11 for nifty50: 'Graph' object has no attribute 'is_planar'
   [CORE ERROR] Failed processing window 2010-11-02 for nifty50: 'Graph' object has no attribute 'is_planar'
   [CORE ERROR] Failed processing window 2013-08-23 for nifty50: 'Graph' object has no attribute 'is_planar'
   [CORE ERROR] Failed processing window 2012-05-16 for nifty50: 'Graph' object has no attribute 'is_planar'   [CORE ERROR] Failed processing window 2011-05-09 for nifty50: 'Graph' object has no attribute 'is_planar'

   [CORE ERROR] Failed processing window 2014-03-28 for nifty50: 'Graph' object has no attribute 'is_planar'
   [CORE ERROR] Failed processing window 2012-11-20 for nifty50: 'Graph' object has no attribute 'is_planar'   [CORE ERROR] Failed processing window 2011-12-13 for nifty50: 'Graph' object has no attribute 'is_planar'

   [CORE ERROR] Failed processing window 2010-12-03 for nifty50: 'Graph' object has no attribute 'is_planar'
   [CORE ERROR] Failed processing window 2013-03-20 for nifty50: 'Graph' object has no attribute 'is_planar'
   [CORE ERROR] Failed processing window 2012-06-14 for nifty50: 'Graph' object has no attribute 'is_planar'   [CORE ERROR] Failed processing window 2011-06-07 for nifty50: 'Graph' object has no attribute 'is_planar'

   [CORE ERROR] Failed processing window 2013-09-24 for nifty50: 'Graph' object has no attribute 'is_planar'
   [CORE ERROR] Failed processing window 2014-05-02 for nifty50: 'Graph' object has no attribute 'is_planar'
   [CORE ERROR] Failed processing window 2012-12-20 for nifty50: 'Graph' object has no attribute 'is_planar'
   [CORE ERROR] Failed processing window 2013-04-23 for nifty50: 'Graph' object has no attribute 'is_planar'
   [CORE ERROR] Failed processing window 2013-10-25 for nifty50: 'Graph' object has no attribute 'is_planar'
   [CORE ERROR] Failed processing window 2015-02-09 for nifty50: 'Graph' object has no attribute 'is_planar'
   [CORE ERROR] Failed processing window 2014-07-31 for nifty50: 'Graph' object has no attribute 'is_planar'
   [CORE ERROR] Failed processing window 2014-06-02 for nifty50: 'Graph' object has no attribute 'is_planar'
   [CORE ERROR] Failed processing window 2015-08-12 for nifty50: 'Graph' object has no attribute 'is_planar'
   [CORE ERROR] Failed processing window 2013-05-24 for nifty50: 'Graph' object has no attribute 'is_planar'
   [CORE ERROR] Failed processing window 2016-02-17 for nifty50: 'Graph' object has no attribute 'is_planar'
   [CORE ERROR] Failed processing window 2013-11-27 for nifty50: 'Graph' object has no attribute 'is_planar'
   [CORE ERROR] Failed processing window 2015-03-12 for nifty50: 'Graph' object has no attribute 'is_planar'
   [CORE ERROR] Failed processing window 2014-09-02 for nifty50: 'Graph' object has no attribute 'is_planar'
   [CORE ERROR] Failed processing window 2014-07-01 for nifty50: 'Graph' object has no attribute 'is_planar'
   [CORE ERROR] Failed processing window 2016-08-23 for nifty50: 'Graph' object has no attribute 'is_planar'   [CORE ERROR] Failed processing window 2015-09-10 for nifty50: 'Graph' object has no attribute 'is_planar'

   [CORE ERROR] Failed processing window 2013-06-24 for nifty50: 'Graph' object has no attribute 'is_planar'
   [CORE ERROR] Failed processing window 2016-03-18 for nifty50: 'Graph' object has no attribute 'is_planar'   [CORE ERROR] Failed processing window 2015-04-15 for nifty50: 'Graph' object has no attribute 'is_planar'

   [CORE ERROR] Failed processing window 2013-12-27 for nifty50: 'Graph' object has no attribute 'is_planar'   [CORE ERROR] Failed processing window 2014-10-01 for nifty50: 'Graph' object has no attribute 'is_planar'

   [CORE ERROR] Failed processing window 2016-09-23 for nifty50: 'Graph' object has no attribute 'is_planar'   [CORE ERROR] Failed processing window 2015-10-14 for nifty50: 'Graph' object has no attribute 'is_planar'

   [CORE ERROR] Failed processing window 2015-05-15 for nifty50: 'Graph' object has no attribute 'is_planar'
   [CORE ERROR] Failed processing window 2016-04-25 for nifty50: 'Graph' object has no attribute 'is_planar'
   [CORE ERROR] Failed processing window 2014-11-10 for nifty50: 'Graph' object has no attribute 'is_planar'
   [CORE ERROR] Failed processing window 2016-10-26 for nifty50: 'Graph' object has no attribute 'is_planar'
   [CORE ERROR] Failed processing window 2015-06-15 for nifty50: 'Graph' object has no attribute 'is_planar'
   [CORE ERROR] Failed processing window 2016-05-24 for nifty50: 'Graph' object has no attribute 'is_planar'
   [CORE ERROR] Failed processing window 2014-12-09 for nifty50: 'Graph' object has no attribute 'is_planar'
   [CORE ERROR] Failed processing window 2015-11-17 for nifty50: 'Graph' object has no attribute 'is_planar'
   [CORE ERROR] Failed processing window 2017-02-27 for nifty50: 'Graph' object has no attribute 'is_planar'
   [CORE ERROR] Failed processing window 2017-08-31 for nifty50: 'Graph' object has no attribute 'is_planar'
   [CORE ERROR] Failed processing window 2018-03-05 for nifty50: 'Graph' object has no attribute 'is_planar'
   [CORE ERROR] Failed processing window 2015-07-14 for nifty50: 'Graph' object has no attribute 'is_planar'   [CORE ERROR] Failed processing window 2016-11-28 for nifty50: 'Graph' object has no attribute 'is_planar'

   [CORE ERROR] Failed processing window 2016-06-22 for nifty50: 'Graph' object has no attribute 'is_planar'
   [CORE ERROR] Failed processing window 2015-01-08 for nifty50: 'Graph' object has no attribute 'is_planar'
   [CORE ERROR] Failed processing window 2015-12-17 for nifty50: 'Graph' object has no attribute 'is_planar'
   [CORE ERROR] Failed processing window 2017-09-29 for nifty50: 'Graph' object has no attribute 'is_planar'
   [CORE ERROR] Failed processing window 2018-04-05 for nifty50: 'Graph' object has no attribute 'is_planar'
   [CORE ERROR] Failed processing window 2016-12-27 for nifty50: 'Graph' object has no attribute 'is_planar'   [CORE ERROR] Failed processing window 2017-03-29 for nifty50: 'Graph' object has no attribute 'is_planar'

   [CORE ERROR] Failed processing window 2016-07-22 for nifty50: 'Graph' object has no attribute 'is_planar'
   [CORE ERROR] Failed processing window 2017-11-01 for nifty50: 'Graph' object has no attribute 'is_planar'
   [CORE ERROR] Failed processing window 2017-01-25 for nifty50: 'Graph' object has no attribute 'is_planar'
   [CORE ERROR] Failed processing window 2018-05-07 for nifty50: 'Graph' object has no attribute 'is_planar'
   [CORE ERROR] Failed processing window 2016-01-18 for nifty50: 'Graph' object has no attribute 'is_planar'
   [CORE ERROR] Failed processing window 2017-05-02 for nifty50: 'Graph' object has no attribute 'is_planar'
   [CORE ERROR] Failed processing window 2018-09-04 for nifty50: 'Graph' object has no attribute 'is_planar'
   [CORE ERROR] Failed processing window 2019-03-12 for nifty50: 'Graph' object has no attribute 'is_planar'
   [CORE ERROR] Failed processing window 2017-11-30 for nifty50: 'Graph' object has no attribute 'is_planar'
   [CORE ERROR] Failed processing window 2018-06-05 for nifty50: 'Graph' object has no attribute 'is_planar'
   [CORE ERROR] Failed processing window 2017-05-31 for nifty50: 'Graph' object has no attribute 'is_planar'   [CORE ERROR] Failed processing window 2019-09-19 for nifty50: 'Graph' object has no attribute 'is_planar'   [CORE ERROR] Failed processing window 2018-10-08 for nifty50: 'Graph' object has no attribute 'is_planar'


   [CORE ERROR] Failed processing window 2019-04-12 for nifty50: 'Graph' object has no attribute 'is_planar'
   [CORE ERROR] Failed processing window 2020-03-24 for nifty50: 'Graph' object has no attribute 'is_planar'
   [CORE ERROR] Failed processing window 2018-01-01 for nifty50: 'Graph' object has no attribute 'is_planar'   [CORE ERROR] Failed processing window 2018-07-04 for nifty50: 'Graph' object has no attribute 'is_planar'

   [CORE ERROR] Failed processing window 2019-10-23 for nifty50: 'Graph' object has no attribute 'is_planar'
   [CORE ERROR] Failed processing window 2017-06-30 for nifty50: 'Graph' object has no attribute 'is_planar'
   [CORE ERROR] Failed processing window 2018-11-07 for nifty50: 'Graph' object has no attribute 'is_planar'
   [CORE ERROR] Failed processing window 2019-05-17 for nifty50: 'Graph' object has no attribute 'is_planar'
   [CORE ERROR] Failed processing window 2020-04-28 for nifty50: 'Graph' object has no attribute 'is_planar'
   [CORE ERROR] Failed processing window 2018-01-31 for nifty50: 'Graph' object has no attribute 'is_planar'   [CORE ERROR] Failed processing window 2018-08-02 for nifty50: 'Graph' object has no attribute 'is_planar'

   [CORE ERROR] Failed processing window 2019-11-22 for nifty50: 'Graph' object has no attribute 'is_planar'
   [CORE ERROR] Failed processing window 2017-07-31 for nifty50: 'Graph' object has no attribute 'is_planar'
   [CORE ERROR] Failed processing window 2018-12-10 for nifty50: 'Graph' object has no attribute 'is_planar'
   [CORE ERROR] Failed processing window 2019-06-18 for nifty50: 'Graph' object has no attribute 'is_planar'
   [CORE ERROR] Failed processing window 2020-05-29 for nifty50: 'Graph' object has no attribute 'is_planar'
   [CORE ERROR] Failed processing window 2019-12-23 for nifty50: 'Graph' object has no attribute 'is_planar'
   [CORE ERROR] Failed processing window 2020-09-24 for nifty50: 'Graph' object has no attribute 'is_planar'   [CORE ERROR] Failed processing window 2019-01-09 for nifty50: 'Graph' object has no attribute 'is_planar'

   [CORE ERROR] Failed processing window 2019-07-17 for nifty50: 'Graph' object has no attribute 'is_planar'
   [CORE ERROR] Failed processing window 2021-03-26 for nifty50: 'Graph' object has no attribute 'is_planar'
   [CORE ERROR] Failed processing window 2020-06-29 for nifty50: 'Graph' object has no attribute 'is_planar'
   [CORE ERROR] Failed processing window 2021-09-30 for nifty50: 'Graph' object has no attribute 'is_planar'
   [CORE ERROR] Failed processing window 2020-01-22 for nifty50: 'Graph' object has no attribute 'is_planar'
   [CORE ERROR] Failed processing window 2020-07-28 for nifty50: 'Graph' object has no attribute 'is_planar'   [CORE ERROR] Failed processing window 2020-10-26 for nifty50: 'Graph' object has no attribute 'is_planar'

   [CORE ERROR] Failed processing window 2019-08-19 for nifty50: 'Graph' object has no attribute 'is_planar'   [CORE ERROR] Failed processing window 2019-02-07 for nifty50: 'Graph' object has no attribute 'is_planar'

   [CORE ERROR] Failed processing window 2021-11-01 for nifty50: 'Graph' object has no attribute 'is_planar'
   [CORE ERROR] Failed processing window 2021-04-30 for nifty50: 'Graph' object has no attribute 'is_planar'
   [CORE ERROR] Failed processing window 2020-02-20 for nifty50: 'Graph' object has no attribute 'is_planar'
   [CORE ERROR] Failed processing window 2020-08-26 for nifty50: 'Graph' object has no attribute 'is_planar'
   [CORE ERROR] Failed processing window 2020-11-24 for nifty50: 'Graph' object has no attribute 'is_planar'
   [CORE ERROR] Failed processing window 2022-04-04 for nifty50: 'Graph' object has no attribute 'is_planar'
   [CORE ERROR] Failed processing window 2021-12-02 for nifty50: 'Graph' object has no attribute 'is_planar'
   [CORE ERROR] Failed processing window 2021-06-01 for nifty50: 'Graph' object has no attribute 'is_planar'
   [CORE ERROR] Failed processing window 2020-12-24 for nifty50: 'Graph' object has no attribute 'is_planar'
   [CORE ERROR] Failed processing window 2022-05-06 for nifty50: 'Graph' object has no attribute 'is_planar'
   [CORE ERROR] Failed processing window 2021-12-31 for nifty50: 'Graph' object has no attribute 'is_planar'
   [CORE ERROR] Failed processing window 2022-10-06 for nifty50: 'Graph' object has no attribute 'is_planar'
   [CORE ERROR] Failed processing window 2021-06-30 for nifty50: 'Graph' object has no attribute 'is_planar'
   [CORE ERROR] Failed processing window 2021-01-25 for nifty50: 'Graph' object has no attribute 'is_planar'
   [CORE ERROR] Failed processing window 2023-04-11 for nifty50: 'Graph' object has no attribute 'is_planar'
   [CORE ERROR] Failed processing window 2023-10-12 for nifty50: 'Graph' object has no attribute 'is_planar'
   [CORE ERROR] Failed processing window 2022-06-06 for nifty50: 'Graph' object has no attribute 'is_planar'
   [CORE ERROR] Failed processing window 2022-02-01 for nifty50: 'Graph' object has no attribute 'is_planar'
   [CORE ERROR] Failed processing window 2024-04-22 for nifty50: 'Graph' object has no attribute 'is_planar'
   [CORE ERROR] Failed processing window 2022-11-07 for nifty50: 'Graph' object has no attribute 'is_planar'   [CORE ERROR] Failed processing window 2021-07-30 for nifty50: 'Graph' object has no attribute 'is_planar'

   [CORE ERROR] Failed processing window 2021-02-24 for nifty50: 'Graph' object has no attribute 'is_planar'   [CORE ERROR] Failed processing window 2023-05-12 for nifty50: 'Graph' object has no attribute 'is_planar'

   [CORE ERROR] Failed processing window 2023-11-13 for nifty50: 'Graph' object has no attribute 'is_planar'
   [CORE ERROR] Failed processing window 2022-07-05 for nifty50: 'Graph' object has no attribute 'is_planar'
   [CORE ERROR] Failed processing window 2022-03-03 for nifty50: 'Graph' object has no attribute 'is_planar'
   [CORE ERROR] Failed processing window 2024-05-23 for nifty50: 'Graph' object has no attribute 'is_planar'
   [CORE ERROR] Failed processing window 2022-12-07 for nifty50: 'Graph' object has no attribute 'is_planar'
   [CORE ERROR] Failed processing window 2021-08-31 for nifty50: 'Graph' object has no attribute 'is_planar'
   [CORE ERROR] Failed processing window 2023-06-12 for nifty50: 'Graph' object has no attribute 'is_planar'
   [CORE ERROR] Failed processing window 2023-12-14 for nifty50: 'Graph' object has no attribute 'is_planar'
   [CORE ERROR] Failed processing window 2024-06-24 for nifty50: 'Graph' object has no attribute 'is_planar'
   [CORE ERROR] Failed processing window 2022-08-03 for nifty50: 'Graph' object has no attribute 'is_planar'
   [CORE ERROR] Failed processing window 2023-01-05 for nifty50: 'Graph' object has no attribute 'is_planar'
   [CORE ERROR] Failed processing window 2023-07-12 for nifty50: 'Graph' object has no attribute 'is_planar'
   [CORE ERROR] Failed processing window 2024-01-15 for nifty50: 'Graph' object has no attribute 'is_planar'
   [CORE ERROR] Failed processing window 2024-10-23 for nifty50: 'Graph' object has no attribute 'is_planar'
   [CORE ERROR] Failed processing window 2024-07-24 for nifty50: 'Graph' object has no attribute 'is_planar'
   [CORE ERROR] Failed processing window 2022-09-06 for nifty50: 'Graph' object has no attribute 'is_planar'
   [CORE ERROR] Failed processing window 2023-02-06 for nifty50: 'Graph' object has no attribute 'is_planar'
   [CORE ERROR] Failed processing window 2023-08-10 for nifty50: 'Graph' object has no attribute 'is_planar'   [CORE ERROR] Failed processing window 2024-08-23 for nifty50: 'Graph' object has no attribute 'is_planar'

   [CORE ERROR] Failed processing window 2024-02-15 for nifty50: 'Graph' object has no attribute 'is_planar'
   [CORE ERROR] Failed processing window 2024-11-25 for nifty50: 'Graph' object has no attribute 'is_planar'
   [CORE ERROR] Failed processing window 2024-09-23 for nifty50: 'Graph' object has no attribute 'is_planar'
   [CORE ERROR] Failed processing window 2024-12-24 for nifty50: 'Graph' object has no attribute 'is_planar'
   [CORE ERROR] Failed processing window 2023-03-08 for nifty50: 'Graph' object has no attribute 'is_planar'
   [CORE ERROR] Failed processing window 2024-03-18 for nifty50: 'Graph' object has no attribute 'is_planar'
   [CORE ERROR] Failed processing window 2023-09-11 for nifty50: 'Graph' object has no attribute 'is_planar'
2026-06-25 11:26:53 | pipelines.run_pipeline         | INFO     | Computing 100-run consensus partitions and ARI tracking for NIFTY50...
2026-06-25 11:26:53 | pipelines.run_pipeline         | ERROR    | Pipeline crashed on market processing for nifty50: "None of [Index(['date', 'market', 'ari_stability'], dtype='str')] are in the [columns]"
Traceback (most recent call last):
  File "/home/s2843292/Dissertation/Dissertation/pipelines/run_pipeline.py", line 107, in main
    macro_trend = stability_ledger[["date", "market", "ari_stability"]].drop_duplicates()
                  ~~~~~~~~~~~~~~~~^^^^^^^^^^^^^^^^^^^^^^^^^^^^^^^^^^^^^
  File "/home/s2843292/Dissertation/Dissertation/venv_cluster/lib/python3.12/site-packages/pandas/core/frame.py", line 4384, in __getitem__
    indexer = self.columns._get_indexer_strict(key, "columns")[1]
              ^^^^^^^^^^^^^^^^^^^^^^^^^^^^^^^^^^^^^^^^^^^^^^^^
  File "/home/s2843292/Dissertation/Dissertation/venv_cluster/lib/python3.12/site-packages/pandas/core/indexes/base.py", line 6302, in _get_indexer_strict
    self._raise_if_missing(keyarr, indexer, axis_name)
  File "/home/s2843292/Dissertation/Dissertation/venv_cluster/lib/python3.12/site-packages/pandas/core/indexes/base.py", line 6352, in _raise_if_missing
    raise KeyError(f"None of [{key}] are in the [{axis_name}]")
KeyError: "None of [Index(['date', 'market', 'ari_stability'], dtype='str')] are in the [columns]"
2026-06-25 11:26:53 | pipelines.run_pipeline         | INFO     | ======================================================================
2026-06-25 11:26:53 | pipelines.run_pipeline         | INFO     | PROCESSING ACCORDING TO DISSERTATION METHODOLOGY: BOVESPA
2026-06-25 11:26:53 | pipelines.run_pipeline         | INFO     | ======================================================================
2026-06-25 11:26:53 | src.correlation.correlation_matrix | WARNING  | BOVESPA: Dropped PETR4.SA due to an extensive flatline streak of 9 days.
2026-06-25 11:26:53 | src.correlation.correlation_matrix | WARNING  | BOVESPA: Dropped BBDC4.SA due to an extensive flatline streak of 22 days.
2026-06-25 11:26:53 | src.correlation.correlation_matrix | WARNING  | BOVESPA: Dropped SUZB3.SA due to an extensive flatline streak of 390 days.
2026-06-25 11:26:53 | src.correlation.correlation_matrix | WARNING  | BOVESPA: Dropped ENEV3.SA due to an extensive flatline streak of 7 days.
2026-06-25 11:26:53 | src.correlation.correlation_matrix | WARNING  | BOVESPA: Dropped UGPA3.SA due to an extensive flatline streak of 132 days.
2026-06-25 11:26:53 | src.correlation.correlation_matrix | WARNING  | BOVESPA: Dropped GGBR4.SA due to an extensive flatline streak of 46 days.
2026-06-25 11:26:53 | src.correlation.correlation_matrix | WARNING  | BOVESPA: Dropped CSNA3.SA due to an extensive flatline streak of 25 days.
2026-06-25 11:26:53 | src.correlation.correlation_matrix | WARNING  | BOVESPA: Dropped USIM5.SA due to an extensive flatline streak of 8 days.
2026-06-25 11:26:53 | src.correlation.correlation_matrix | WARNING  | BOVESPA: Dropped PRIO3.SA due to an extensive flatline streak of 201 days.
2026-06-25 11:26:53 | src.correlation.correlation_matrix | WARNING  | BOVESPA: Dropped LREN3.SA due to an extensive flatline streak of 56 days.
2026-06-25 11:26:53 | src.correlation.correlation_matrix | WARNING  | BOVESPA: Dropped MGLU3.SA due to an extensive flatline streak of 327 days.
2026-06-25 11:26:53 | src.correlation.correlation_matrix | WARNING  | BOVESPA: Dropped FLRY3.SA due to an extensive flatline streak of 6 days.
2026-06-25 11:26:53 | src.correlation.correlation_matrix | WARNING  | BOVESPA: Dropped CYRE3.SA due to an extensive flatline streak of 6 days.
2026-06-25 11:26:53 | src.correlation.correlation_matrix | WARNING  | BOVESPA: Dropped YDUQ3.SA due to an extensive flatline streak of 5 days.
2026-06-25 11:26:53 | src.correlation.correlation_matrix | WARNING  | BOVESPA: Dropped SANB11.SA due to an extensive flatline streak of 5 days.
2026-06-25 11:26:53 | src.correlation.correlation_matrix | WARNING  | BOVESPA: Dropped DXCO3.SA due to an extensive flatline streak of 5 days.
2026-06-25 11:26:53 | src.correlation.correlation_matrix | INFO     | BOVESPA Universe filtering: 21 of 46 tickers passed all quality checks.
2026-06-25 11:26:53 | src.correlation.correlation_matrix | INFO     | Segmented returns matrix into 172 historical chunks (w=126, step=21).
2026-06-25 11:26:53 | pipelines.run_pipeline         | INFO     | BOVESPA partitioned into 172 temporal windows.
2026-06-25 11:26:53 | pipelines.run_pipeline         | INFO     | Spawning parallel process workers for PMFG planarity constraints...
   [CORE ERROR] Failed processing window 2011-01-10 for bovespa: 'Graph' object has no attribute 'is_planar'
   [CORE ERROR] Failed processing window 2010-07-07 for bovespa: 'Graph' object has no attribute 'is_planar'
   [CORE ERROR] Failed processing window 2011-07-13 for bovespa: 'Graph' object has no attribute 'is_planar'
   [CORE ERROR] Failed processing window 2011-02-09 for bovespa: 'Graph' object has no attribute 'is_planar'
   [CORE ERROR] Failed processing window 2010-08-06 for bovespa: 'Graph' object has no attribute 'is_planar'
   [CORE ERROR] Failed processing window 2011-08-11 for bovespa: 'Graph' object has no attribute 'is_planar'
   [CORE ERROR] Failed processing window 2011-03-14 for bovespa: 'Graph' object has no attribute 'is_planar'   [CORE ERROR] Failed processing window 2012-01-12 for bovespa: 'Graph' object has no attribute 'is_planar'

   [CORE ERROR] Failed processing window 2010-09-06 for bovespa: 'Graph' object has no attribute 'is_planar'
   [CORE ERROR] Failed processing window 2011-09-12 for bovespa: 'Graph' object has no attribute 'is_planar'
   [CORE ERROR] Failed processing window 2011-04-12 for bovespa: 'Graph' object has no attribute 'is_planar'
   [CORE ERROR] Failed processing window 2010-10-06 for bovespa: 'Graph' object has no attribute 'is_planar'
   [CORE ERROR] Failed processing window 2012-02-13 for bovespa: 'Graph' object has no attribute 'is_planar'
   [CORE ERROR] Failed processing window 2011-10-11 for bovespa: 'Graph' object has no attribute 'is_planar'
   [CORE ERROR] Failed processing window 2013-01-23 for bovespa: 'Graph' object has no attribute 'is_planar'
   [CORE ERROR] Failed processing window 2010-11-08 for bovespa: 'Graph' object has no attribute 'is_planar'   [CORE ERROR] Failed processing window 2012-03-16 for bovespa: 'Graph' object has no attribute 'is_planar'

   [CORE ERROR] Failed processing window 2011-11-11 for bovespa: 'Graph' object has no attribute 'is_planar'
   [CORE ERROR] Failed processing window 2013-02-26 for bovespa: 'Graph' object has no attribute 'is_planar'
   [CORE ERROR] Failed processing window 2010-12-08 for bovespa: 'Graph' object has no attribute 'is_planar'   [CORE ERROR] Failed processing window 2012-04-17 for bovespa: 'Graph' object has no attribute 'is_planar'   [CORE ERROR] Failed processing window 2011-12-13 for bovespa: 'Graph' object has no attribute 'is_planar'


   [CORE ERROR] Failed processing window 2013-07-29 for bovespa: 'Graph' object has no attribute 'is_planar'
   [CORE ERROR] Failed processing window 2013-03-27 for bovespa: 'Graph' object has no attribute 'is_planar'
   [CORE ERROR] Failed processing window 2012-05-17 for bovespa: 'Graph' object has no attribute 'is_planar'
   [CORE ERROR] Failed processing window 2013-04-26 for bovespa: 'Graph' object has no attribute 'is_planar'
   [CORE ERROR] Failed processing window 2013-08-27 for bovespa: 'Graph' object has no attribute 'is_planar'
   [CORE ERROR] Failed processing window 2012-07-18 for bovespa: 'Graph' object has no attribute 'is_planar'   [CORE ERROR] Failed processing window 2013-05-28 for bovespa: 'Graph' object has no attribute 'is_planar'
   [CORE ERROR] Failed processing window 2012-06-18 for bovespa: 'Graph' object has no attribute 'is_planar'

   [CORE ERROR] Failed processing window 2014-08-05 for bovespa: 'Graph' object has no attribute 'is_planar'
   [CORE ERROR] Failed processing window 2013-09-25 for bovespa: 'Graph' object has no attribute 'is_planar'
   [CORE ERROR] Failed processing window 2014-09-03 for bovespa: 'Graph' object has no attribute 'is_planar'
   [CORE ERROR] Failed processing window 2013-06-27 for bovespa: 'Graph' object has no attribute 'is_planar'
   [CORE ERROR] Failed processing window 2015-02-04 for bovespa: 'Graph' object has no attribute 'is_planar'
   [CORE ERROR] Failed processing window 2013-10-24 for bovespa: 'Graph' object has no attribute 'is_planar'   [CORE ERROR] Failed processing window 2014-10-02 for bovespa: 'Graph' object has no attribute 'is_planar'

   [CORE ERROR] Failed processing window 2011-05-13 for bovespa: 'Graph' object has no attribute 'is_planar'
   [CORE ERROR] Failed processing window 2012-08-16 for bovespa: 'Graph' object has no attribute 'is_planar'
   [CORE ERROR] Failed processing window 2014-10-31 for bovespa: 'Graph' object has no attribute 'is_planar'
   [CORE ERROR] Failed processing window 2015-03-09 for bovespa: 'Graph' object has no attribute 'is_planar'   [CORE ERROR] Failed processing window 2013-11-26 for bovespa: 'Graph' object has no attribute 'is_planar'

   [CORE ERROR] Failed processing window 2011-06-13 for bovespa: 'Graph' object has no attribute 'is_planar'
   [CORE ERROR] Failed processing window 2014-12-02 for bovespa: 'Graph' object has no attribute 'is_planar'   [CORE ERROR] Failed processing window 2015-04-08 for bovespa: 'Graph' object has no attribute 'is_planar'

   [CORE ERROR] Failed processing window 2013-12-27 for bovespa: 'Graph' object has no attribute 'is_planar'
   [CORE ERROR] Failed processing window 2015-08-10 for bovespa: 'Graph' object has no attribute 'is_planar'   [CORE ERROR] Failed processing window 2012-09-17 for bovespa: 'Graph' object has no attribute 'is_planar'

   [CORE ERROR] Failed processing window 2016-02-17 for bovespa: 'Graph' object has no attribute 'is_planar'
   [CORE ERROR] Failed processing window 2015-05-11 for bovespa: 'Graph' object has no attribute 'is_planar'   [CORE ERROR] Failed processing window 2015-01-06 for bovespa: 'Graph' object has no attribute 'is_planar'

   [CORE ERROR] Failed processing window 2014-01-29 for bovespa: 'Graph' object has no attribute 'is_planar'
   [CORE ERROR] Failed processing window 2012-10-17 for bovespa: 'Graph' object has no attribute 'is_planar'   [CORE ERROR] Failed processing window 2015-09-09 for bovespa: 'Graph' object has no attribute 'is_planar'

   [CORE ERROR] Failed processing window 2016-03-17 for bovespa: 'Graph' object has no attribute 'is_planar'
   [CORE ERROR] Failed processing window 2015-06-10 for bovespa: 'Graph' object has no attribute 'is_planar'
   [CORE ERROR] Failed processing window 2014-02-27 for bovespa: 'Graph' object has no attribute 'is_planar'
   [CORE ERROR] Failed processing window 2016-04-18 for bovespa: 'Graph' object has no attribute 'is_planar'
   [CORE ERROR] Failed processing window 2012-11-19 for bovespa: 'Graph' object has no attribute 'is_planar'   [CORE ERROR] Failed processing window 2015-10-08 for bovespa: 'Graph' object has no attribute 'is_planar'

   [CORE ERROR] Failed processing window 2015-07-10 for bovespa: 'Graph' object has no attribute 'is_planar'
   [CORE ERROR] Failed processing window 2016-08-16 for bovespa: 'Graph' object has no attribute 'is_planar'   [CORE ERROR] Failed processing window 2014-04-01 for bovespa: 'Graph' object has no attribute 'is_planar'

   [CORE ERROR] Failed processing window 2016-05-18 for bovespa: 'Graph' object has no attribute 'is_planar'
   [CORE ERROR] Failed processing window 2015-11-10 for bovespa: 'Graph' object has no attribute 'is_planar'   [CORE ERROR] Failed processing window 2012-12-19 for bovespa: 'Graph' object has no attribute 'is_planar'

   [CORE ERROR] Failed processing window 2016-09-15 for bovespa: 'Graph' object has no attribute 'is_planar'   [CORE ERROR] Failed processing window 2016-06-17 for bovespa: 'Graph' object has no attribute 'is_planar'

   [CORE ERROR] Failed processing window 2014-05-05 for bovespa: 'Graph' object has no attribute 'is_planar'
   [CORE ERROR] Failed processing window 2015-12-10 for bovespa: 'Graph' object has no attribute 'is_planar'
   [CORE ERROR] Failed processing window 2016-07-18 for bovespa: 'Graph' object has no attribute 'is_planar'   [CORE ERROR] Failed processing window 2016-10-17 for bovespa: 'Graph' object has no attribute 'is_planar'

   [CORE ERROR] Failed processing window 2017-08-18 for bovespa: 'Graph' object has no attribute 'is_planar'   [CORE ERROR] Failed processing window 2014-06-03 for bovespa: 'Graph' object has no attribute 'is_planar'

   [CORE ERROR] Failed processing window 2017-02-16 for bovespa: 'Graph' object has no attribute 'is_planar'
   [CORE ERROR] Failed processing window 2016-11-17 for bovespa: 'Graph' object has no attribute 'is_planar'
   [CORE ERROR] Failed processing window 2016-01-14 for bovespa: 'Graph' object has no attribute 'is_planar'   [CORE ERROR] Failed processing window 2017-09-18 for bovespa: 'Graph' object has no attribute 'is_planar'   [CORE ERROR] Failed processing window 2014-07-04 for bovespa: 'Graph' object has no attribute 'is_planar'


   [CORE ERROR] Failed processing window 2017-03-21 for bovespa: 'Graph' object has no attribute 'is_planar'
   [CORE ERROR] Failed processing window 2016-12-16 for bovespa: 'Graph' object has no attribute 'is_planar'
   [CORE ERROR] Failed processing window 2017-10-17 for bovespa: 'Graph' object has no attribute 'is_planar'
   [CORE ERROR] Failed processing window 2018-02-15 for bovespa: 'Graph' object has no attribute 'is_planar'
   [CORE ERROR] Failed processing window 2018-08-16 for bovespa: 'Graph' object has no attribute 'is_planar'
   [CORE ERROR] Failed processing window 2017-01-17 for bovespa: 'Graph' object has no attribute 'is_planar'
   [CORE ERROR] Failed processing window 2017-04-20 for bovespa: 'Graph' object has no attribute 'is_planar'
   [CORE ERROR] Failed processing window 2017-11-15 for bovespa: 'Graph' object has no attribute 'is_planar'
   [CORE ERROR] Failed processing window 2019-02-22 for bovespa: 'Graph' object has no attribute 'is_planar'
   [CORE ERROR] Failed processing window 2018-09-17 for bovespa: 'Graph' object has no attribute 'is_planar'
   [CORE ERROR] Failed processing window 2018-03-16 for bovespa: 'Graph' object has no attribute 'is_planar'
   [CORE ERROR] Failed processing window 2017-05-23 for bovespa: 'Graph' object has no attribute 'is_planar'   [CORE ERROR] Failed processing window 2017-12-14 for bovespa: 'Graph' object has no attribute 'is_planar'

   [CORE ERROR] Failed processing window 2019-03-27 for bovespa: 'Graph' object has no attribute 'is_planar'
   [CORE ERROR] Failed processing window 2018-10-17 for bovespa: 'Graph' object has no attribute 'is_planar'   [CORE ERROR] Failed processing window 2020-03-02 for bovespa: 'Graph' object has no attribute 'is_planar'

   [CORE ERROR] Failed processing window 2019-08-27 for bovespa: 'Graph' object has no attribute 'is_planar'   [CORE ERROR] Failed processing window 2018-04-17 for bovespa: 'Graph' object has no attribute 'is_planar'
   [CORE ERROR] Failed processing window 2018-01-15 for bovespa: 'Graph' object has no attribute 'is_planar'

   [CORE ERROR] Failed processing window 2017-06-21 for bovespa: 'Graph' object has no attribute 'is_planar'
   [CORE ERROR] Failed processing window 2019-04-26 for bovespa: 'Graph' object has no attribute 'is_planar'
   [CORE ERROR] Failed processing window 2018-11-19 for bovespa: 'Graph' object has no attribute 'is_planar'   [CORE ERROR] Failed processing window 2020-03-31 for bovespa: 'Graph' object has no attribute 'is_planar'

   [CORE ERROR] Failed processing window 2019-05-28 for bovespa: 'Graph' object has no attribute 'is_planar'
   [CORE ERROR] Failed processing window 2019-09-25 for bovespa: 'Graph' object has no attribute 'is_planar'
   [CORE ERROR] Failed processing window 2018-05-17 for bovespa: 'Graph' object has no attribute 'is_planar'   [CORE ERROR] Failed processing window 2017-07-20 for bovespa: 'Graph' object has no attribute 'is_planar'

   [CORE ERROR] Failed processing window 2019-06-27 for bovespa: 'Graph' object has no attribute 'is_planar'
   [CORE ERROR] Failed processing window 2018-12-19 for bovespa: 'Graph' object has no attribute 'is_planar'   [CORE ERROR] Failed processing window 2020-05-04 for bovespa: 'Graph' object has no attribute 'is_planar'

   [CORE ERROR] Failed processing window 2019-07-29 for bovespa: 'Graph' object has no attribute 'is_planar'
   [CORE ERROR] Failed processing window 2019-10-24 for bovespa: 'Graph' object has no attribute 'is_planar'   [CORE ERROR] Failed processing window 2018-06-18 for bovespa: 'Graph' object has no attribute 'is_planar'

   [CORE ERROR] Failed processing window 2019-01-23 for bovespa: 'Graph' object has no attribute 'is_planar'   [CORE ERROR] Failed processing window 2020-06-02 for bovespa: 'Graph' object has no attribute 'is_planar'

   [CORE ERROR] Failed processing window 2019-11-26 for bovespa: 'Graph' object has no attribute 'is_planar'
   [CORE ERROR] Failed processing window 2018-07-18 for bovespa: 'Graph' object has no attribute 'is_planar'
   [CORE ERROR] Failed processing window 2020-07-02 for bovespa: 'Graph' object has no attribute 'is_planar'
   [CORE ERROR] Failed processing window 2019-12-27 for bovespa: 'Graph' object has no attribute 'is_planar'
   [CORE ERROR] Failed processing window 2020-07-31 for bovespa: 'Graph' object has no attribute 'is_planar'
   [CORE ERROR] Failed processing window 2020-01-29 for bovespa: 'Graph' object has no attribute 'is_planar'
   [CORE ERROR] Failed processing window 2020-08-31 for bovespa: 'Graph' object has no attribute 'is_planar'
   [CORE ERROR] Failed processing window 2021-03-10 for bovespa: 'Graph' object has no attribute 'is_planar'
   [CORE ERROR] Failed processing window 2020-09-30 for bovespa: 'Graph' object has no attribute 'is_planar'   [CORE ERROR] Failed processing window 2021-09-09 for bovespa: 'Graph' object has no attribute 'is_planar'

   [CORE ERROR] Failed processing window 2022-03-15 for bovespa: 'Graph' object has no attribute 'is_planar'
   [CORE ERROR] Failed processing window 2021-10-08 for bovespa: 'Graph' object has no attribute 'is_planar'   [CORE ERROR] Failed processing window 2020-10-30 for bovespa: 'Graph' object has no attribute 'is_planar'

   [CORE ERROR] Failed processing window 2021-04-09 for bovespa: 'Graph' object has no attribute 'is_planar'   [CORE ERROR] Failed processing window 2022-04-13 for bovespa: 'Graph' object has no attribute 'is_planar'

   [CORE ERROR] Failed processing window 2022-09-13 for bovespa: 'Graph' object has no attribute 'is_planar'
   [CORE ERROR] Failed processing window 2022-05-16 for bovespa: 'Graph' object has no attribute 'is_planar'
   [CORE ERROR] Failed processing window 2023-03-16 for bovespa: 'Graph' object has no attribute 'is_planar'
   [CORE ERROR] Failed processing window 2023-09-15 for bovespa: 'Graph' object has no attribute 'is_planar'
   [CORE ERROR] Failed processing window 2020-12-02 for bovespa: 'Graph' object has no attribute 'is_planar'   [CORE ERROR] Failed processing window 2021-11-10 for bovespa: 'Graph' object has no attribute 'is_planar'

   [CORE ERROR] Failed processing window 2022-06-14 for bovespa: 'Graph' object has no attribute 'is_planar'
   [CORE ERROR] Failed processing window 2023-10-17 for bovespa: 'Graph' object has no attribute 'is_planar'   [CORE ERROR] Failed processing window 2023-04-17 for bovespa: 'Graph' object has no attribute 'is_planar'

   [CORE ERROR] Failed processing window 2021-05-11 for bovespa: 'Graph' object has no attribute 'is_planar'
   [CORE ERROR] Failed processing window 2022-07-14 for bovespa: 'Graph' object has no attribute 'is_planar'
   [CORE ERROR] Failed processing window 2022-10-13 for bovespa: 'Graph' object has no attribute 'is_planar'
   [CORE ERROR] Failed processing window 2021-12-10 for bovespa: 'Graph' object has no attribute 'is_planar'   [CORE ERROR] Failed processing window 2021-01-06 for bovespa: 'Graph' object has no attribute 'is_planar'

   [CORE ERROR] Failed processing window 2022-08-12 for bovespa: 'Graph' object has no attribute 'is_planar'
   [CORE ERROR] Failed processing window 2023-11-17 for bovespa: 'Graph' object has no attribute 'is_planar'   [CORE ERROR] Failed processing window 2023-05-18 for bovespa: 'Graph' object has no attribute 'is_planar'

   [CORE ERROR] Failed processing window 2021-06-10 for bovespa: 'Graph' object has no attribute 'is_planar'   [CORE ERROR] Failed processing window 2023-12-18 for bovespa: 'Graph' object has no attribute 'is_planar'   [CORE ERROR] Failed processing window 2023-06-19 for bovespa: 'Graph' object has no attribute 'is_planar'


   [CORE ERROR] Failed processing window 2022-01-12 for bovespa: 'Graph' object has no attribute 'is_planar'   [CORE ERROR] Failed processing window 2021-02-05 for bovespa: 'Graph' object has no attribute 'is_planar'

   [CORE ERROR] Failed processing window 2022-11-14 for bovespa: 'Graph' object has no attribute 'is_planar'
   [CORE ERROR] Failed processing window 2024-03-21 for bovespa: 'Graph' object has no attribute 'is_planar'   [CORE ERROR] Failed processing window 2023-07-18 for bovespa: 'Graph' object has no attribute 'is_planar'   [CORE ERROR] Failed processing window 2024-01-19 for bovespa: 'Graph' object has no attribute 'is_planar'


   [CORE ERROR] Failed processing window 2022-02-10 for bovespa: 'Graph' object has no attribute 'is_planar'
   [CORE ERROR] Failed processing window 2024-04-22 for bovespa: 'Graph' object has no attribute 'is_planar'
   [CORE ERROR] Failed processing window 2021-07-12 for bovespa: 'Graph' object has no attribute 'is_planar'
   [CORE ERROR] Failed processing window 2024-02-21 for bovespa: 'Graph' object has no attribute 'is_planar'   [CORE ERROR] Failed processing window 2023-08-16 for bovespa: 'Graph' object has no attribute 'is_planar'

   [CORE ERROR] Failed processing window 2022-12-14 for bovespa: 'Graph' object has no attribute 'is_planar'
   [CORE ERROR] Failed processing window 2024-09-18 for bovespa: 'Graph' object has no attribute 'is_planar'
   [CORE ERROR] Failed processing window 2024-05-22 for bovespa: 'Graph' object has no attribute 'is_planar'
   [CORE ERROR] Failed processing window 2024-06-21 for bovespa: 'Graph' object has no attribute 'is_planar'   [CORE ERROR] Failed processing window 2024-10-17 for bovespa: 'Graph' object has no attribute 'is_planar'

   [CORE ERROR] Failed processing window 2021-08-10 for bovespa: 'Graph' object has no attribute 'is_planar'
   [CORE ERROR] Failed processing window 2023-01-13 for bovespa: 'Graph' object has no attribute 'is_planar'   [CORE ERROR] Failed processing window 2024-07-22 for bovespa: 'Graph' object has no attribute 'is_planar'

   [CORE ERROR] Failed processing window 2024-11-18 for bovespa: 'Graph' object has no attribute 'is_planar'
   [CORE ERROR] Failed processing window 2024-08-20 for bovespa: 'Graph' object has no attribute 'is_planar'
   [CORE ERROR] Failed processing window 2024-12-18 for bovespa: 'Graph' object has no attribute 'is_planar'
   [CORE ERROR] Failed processing window 2023-02-13 for bovespa: 'Graph' object has no attribute 'is_planar'
2026-06-25 11:26:53 | pipelines.run_pipeline         | INFO     | Computing 100-run consensus partitions and ARI tracking for BOVESPA...
2026-06-25 11:26:53 | pipelines.run_pipeline         | ERROR    | Pipeline crashed on market processing for bovespa: "None of [Index(['date', 'market', 'ari_stability'], dtype='str')] are in the [columns]"
Traceback (most recent call last):
  File "/home/s2843292/Dissertation/Dissertation/pipelines/run_pipeline.py", line 107, in main
    macro_trend = stability_ledger[["date", "market", "ari_stability"]].drop_duplicates()
                  ~~~~~~~~~~~~~~~~^^^^^^^^^^^^^^^^^^^^^^^^^^^^^^^^^^^^^
  File "/home/s2843292/Dissertation/Dissertation/venv_cluster/lib/python3.12/site-packages/pandas/core/frame.py", line 4384, in __getitem__
    indexer = self.columns._get_indexer_strict(key, "columns")[1]
              ^^^^^^^^^^^^^^^^^^^^^^^^^^^^^^^^^^^^^^^^^^^^^^^^
  File "/home/s2843292/Dissertation/Dissertation/venv_cluster/lib/python3.12/site-packages/pandas/core/indexes/base.py", line 6302, in _get_indexer_strict
    self._raise_if_missing(keyarr, indexer, axis_name)
  File "/home/s2843292/Dissertation/Dissertation/venv_cluster/lib/python3.12/site-packages/pandas/core/indexes/base.py", line 6352, in _raise_if_missing
    raise KeyError(f"None of [{key}] are in the [{axis_name}]")
KeyError: "None of [Index(['date', 'market', 'ari_stability'], dtype='str')] are in the [columns]"
2026-06-25 11:26:53 | src.utils.timer                | INFO     | Finished: Approved Parallel Dissertation Research Pipeline — 6.28s (0.1 min)
